<?xml version="1.0" encoding="utf-8"?><testsuites><testsuite name="pytest" errors="0" failures="0" skipped="0" tests="13" time="7.146" timestamp="2024-07-14T22:42:56.437132" hostname="akasparvychair"><testcase classname="Tests.test_goals_methods" name="test_goals_get[Get goals]" file="Tests/test_goals_methods.py" line="28" time="0.350" /><testcase classname="Tests.test_goals_methods" name="test_goals_send_data[Create goal]" file="Tests/test_goals_methods.py" line="33" time="0.156" /><testcase classname="Tests.test_goals_methods" name="test_goal_workflow[Get goal-None-200]" file="Tests/test_goals_methods.py" line="40" time="0.426" /><testcase classname="Tests.test_goals_methods" name="test_goal_workflow[Get goal--404]" file="Tests/test_goals_methods.py" line="40" time="0.285" /><testcase classname="Tests.test_goals_methods" name="test_goal_workflow[Get goal-invalidtype-500]" file="Tests/test_goals_methods.py" line="40" time="1.082" /><testcase classname="Tests.test_goals_methods" name="test_goal_workflow[Update goal-None-200]" file="Tests/test_goals_methods.py" line="40" time="0.288" /><testcase classname="Tests.test_goals_methods" name="test_goal_workflow[Update goal--404]" file="Tests/test_goals_methods.py" line="40" time="0.203" /><testcase classname="Tests.test_goals_methods" name="test_goal_workflow[Update goal-invalidtype-500]" file="Tests/test_goals_methods.py" line="40" time="1.140" /><testcase classname="Tests.test_goals_methods" name="test_goal_workflow[Delete goal-None-200]" file="Tests/test_goals_methods.py" line="40" time="0.462" /><testcase classname="Tests.test_goals_methods" name="test_goal_workflow[Delete goal--404]" file="Tests/test_goals_methods.py" line="40" time="0.209" /><testcase classname="Tests.test_goals_methods" name="test_goal_workflow[Delete goal-invalidtype-500]" file="Tests/test_goals_methods.py" line="40" time="1.027" /><testcase classname="Tests.test_goals_methods" name="test_goals_update_not_valid_id[Update goal with invalid body, no name]" file="Tests/test_goals_methods.py" line="65" time="0.240" /><testcase classname="Tests.test_goals_methods" name="test_goals_delete_data[Delete non-existent goal]" file="Tests/test_goals_methods.py" line="71" time="1.162" /></testsuite></testsuites>